// Jest Snapshot v1, https://goo.gl/fbAQLP

exports[`Jumbotron _SNAPSHOT_ 1`] = `
<div
  className="Jumbotron text-white"
>
  <h2
    className="App-title"
  >
    Foo
  </h2>
  <p
    className="lead"
  >
    Bar
  </p>
</div>
`;
